﻿
> frontend@0.0.0 build
> tsc && vite build

[36mvite v5.4.21 [32mbuilding for production...[36m[39m
transforming...
[32mÔ£ô[39m 1834 modules transformed.
node.exe : [31mx[39m 
Build failed in 4.05s
No C:\Program 
Files\nodejs\npm.ps1:29 
caractere:3
+   & $NODE_EXE 
$NPM_CLI_JS $args
+   ~~~~~~~~~~~~~~~~~~~~~~~
~~~~~~
    + CategoryInfo         
     : NotSpecified: ([3  
  1mx[39m Build failed    
 in 4.05s:String) [], R    
emoteException
    + FullyQualifiedErrorI 
   d : NativeCommandError
 
[31merror during build:
[31msrc/App.tsx (9:26): 
"loadingBus" is not 
exported by "src/components
/LoadingContext.tsx", 
imported by 
"src/App.tsx".[31m
file: [36mC:/Users/Kauan/D
esktop/Omni/frontend/src/Ap
p.tsx:9:26[31m
[33m
 7: import { ToastProvider 
} from 
'./components/Toast';
 8: import { ErrorBoundary 
} from './components/ErrorB
oundary';
 9: import { 
LoadingProvider, 
loadingBus } from './compon
ents/LoadingContext';
                           
   ^
10: import api from 
'./services/api';
[31m
    at getRollupError (file
:///C:/Users/Kauan/Desktop/
Omni/frontend/node_modules/
rollup/dist/es/shared/parse
Ast.js:406:41)
    at error (file:///C:/Us
ers/Kauan/Desktop/Omni/fron
tend/node_modules/rollup/di
st/es/shared/parseAst.js:40
2:42)
    at Module.error (file:/
//C:/Users/Kauan/Desktop/Om
ni/frontend/node_modules/ro
llup/dist/es/shared/node-en
try.js:17065:16)
    at 
Module.traceVariable (file:
///C:/Users/Kauan/Desktop/O
mni/frontend/node_modules/r
ollup/dist/es/shared/node-e
ntry.js:17477:29)
    at 
ModuleScope.findVariable (f
ile:///C:/Users/Kauan/Deskt
op/Omni/frontend/node_modul
es/rollup/dist/es/shared/no
de-entry.js:15090:39)
    at 
MemberExpression.bind (file
:///C:/Users/Kauan/Desktop/
Omni/frontend/node_modules/
rollup/dist/es/shared/node-
entry.js:7395:49)
    at CallExpression.bind 
(file:///C:/Users/Kauan/Des
ktop/Omni/frontend/node_mod
ules/rollup/dist/es/shared/
node-entry.js:2832:23)
    at CallExpression.bind 
(file:///C:/Users/Kauan/Des
ktop/Omni/frontend/node_mod
ules/rollup/dist/es/shared/
node-entry.js:12199:15)
    at 
ExpressionStatement.bind (f
ile:///C:/Users/Kauan/Deskt
op/Omni/frontend/node_modul
es/rollup/dist/es/shared/no
de-entry.js:2832:23)
    at Program.bind (file:/
//C:/Users/Kauan/Desktop/Om
ni/frontend/node_modules/ro
llup/dist/es/shared/node-en
try.js:2828:28)[39m
